ex : java.lang.IllegalArgumentException: Invalid Number of Executions. 
out : Number of executions is invalid (0)
 
