Simulation Initiated.
Opening iconic model. ->[0;32mOK[0m
One or more workloads have not been configured.
