Error at getting the server address from command line. (NotAnAddress: Name or service not known)
