ex : java.lang.RuntimeException: org.apache.commons.cli.UnrecognizedOptionException: Unrecognized option: -z 
out : Unrecognized option: -z
 
