ex : java.lang.RuntimeException: org.apache.commons.cli.MissingArgumentException: Missing argument for option: a 
out : Missing argument for option: a
 
