Simulation Initiated.
Opening iconic model. ->XML document structures must start and end within the same entity.
