ex : java.lang.RuntimeException: org.apache.commons.cli.MissingArgumentException: Missing argument for option: P 
out : Missing argument for option: P
 
