iSPD can not open the file: paasModelWithSingleMachineIcon.imsx
