java.lang.IllegalArgumentException: It needs a model to simulate.