Simulation Initiated.
Opening iconic model. ->Premature end of file.
