ex : java.lang.RuntimeException: org.apache.commons.cli.MissingArgumentException: Missing argument for option: t 
out : Missing argument for option: t
 
