Simulation Initiated.
Opening iconic model. ->[0;32mOK[0m
* Simulation 1
  Mounting network queue: [0;32mOK![0m
  Creating tasks: [0;32mOK![0m
Simulation Execution Time = 0.001000 seconds
Results:
Usu√°rio 	 Satisfa√ß√£oGeralTempoSim	Satisfa√ß√£oGeralTempoUso	Satisfa√ß√£oDesempenho	ConsumoTotal	LimiteConsumoTempoSimulado	LimiteConsumoTempoUso	ConsumoLocal	ConsumoLocalProprio	ConsumoLocalEstrangeiro	ConsumoMaxLocal	TarefasPreemp	Alpha	BetaTempoSim	BetaTempoUso	Desperdicio	ConsumoKJS	TurnaroundTime	TempoSIM
user1	0.00	0.00	0.00	0.00	0.00	0.00	0.00	0.00	0.00	0.00	0	0	0	0	0.00	0.00	0.10000000000000006	2.6746260965372417




  Total Simulation Execution Time = 0.001seconds
		Simulation Results

	Total Simulated Time = 2.77560 
	Satisfaction = 100.000 %
	Idleness of processing resources = 100.000 %
	Idleness of communication resources = 92.7592 %
	Efficiency = Infinity %
	Efficiency GOOD
 		Cost Results:

	Cost Total de Processing = 0.00000 %
	Cost Total de Memory = 0.00000 %
	Cost Total de Disk = 0.00000 %
		VM Alocation results:	Total of VMs alocated = 0 %
	Total of VMs rejected = 0 %

