ex : java.lang.IllegalArgumentException: It needs a model to simulate. 
out : It needs a model to simulate.
 
