Simulation Initiated.
Opening iconic model. ->[0;32mOK[0m
* Simulation 1
  Mounting network queue: 