iSPD can not open the file: iaasModelWithSingleMachineIcon.imsx
