Simulation Initiated.
Opening iconic model. ->[0;32mOK[0m
One or more parameters have not been configured.
