Simulation Initiated.
Opening iconic model. ->The markup in the document following the root element must be well-formed.
