ex : java.lang.IllegalArgumentException: java.net.UnknownHostException: NotAnAddress: Name or service not known 
out : Error at getting the server address from command line. (NotAnAddress: Name or service not known)
 
